// Jest Snapshot v1, https://goo.gl/fbAQLP

exports[`TxRepo fetchFromBlock When given incorrect blockNumber then throw error 1`] = `"processing response error (body=\\"{\\\\\\"jsonrpc\\\\\\":\\\\\\"2.0\\\\\\",\\\\\\"id\\\\\\":43,\\\\\\"error\\\\\\":{\\\\\\"code\\\\\\":-32602,\\\\\\"message\\\\\\":\\\\\\"Invalid string block in object param: fromBlock\\\\\\"}}\\", error={\\"code\\":-32602}, requestBody=\\"{\\\\\\"method\\\\\\":\\\\\\"alchemy_getAssetTransfers\\\\\\",\\\\\\"params\\\\\\":[{\\\\\\"fromBlock\\\\\\":\\\\\\"-0x01\\\\\\",\\\\\\"contractAddresses\\\\\\":[\\\\\\"0x6B175474E89094C44Da98b954EedeAC495271d0F\\\\\\"],\\\\\\"excludeZeroValue\\\\\\":false,\\\\\\"category\\\\\\":[\\\\\\"erc20\\\\\\"]}],\\\\\\"id\\\\\\":43,\\\\\\"jsonrpc\\\\\\":\\\\\\"2.0\\\\\\"}\\", requestMethod=\\"POST\\", url=\\"https://eth-mainnet.g.alchemy.com/v2/L9TmAZ6n5GpjN64JU_-xJbRxTumLdyCm\\", code=SERVER_ERROR, version=web/5.7.0)"`;
